
> widpai-dashboard@0.1.0 build /Users/mac/Documents/DevWork/widpai-dashboard
> next build

   ▲ Next.js 15.0.3

   Creating an optimized production build ...
Error: Can't resolve 'tailwindcss' in '/Users/mac/Documents/DevWork/widpai-dashboard/app'
    at finishWithoutResolve (/Users/mac/Documents/DevWork/widpai-dashboard/node_modules/.pnpm/enhanced-resolve@5.21.4/node_modules/enhanced-resolve/lib/Resolver.js:942:18)
    at <unknown> (/Users/mac/Documents/DevWork/widpai-dashboard/node_modules/.pnpm/enhanced-resolve@5.21.4/node_modules/enhanced-resolve/lib/Resolver.js:1034:14)
    at <unknown> (/Users/mac/Documents/DevWork/widpai-dashboard/node_modules/.pnpm/enhanced-resolve@5.21.4/node_modules/enhanced-resolve/lib/Resolver.js:1111:5)
    at eval (node_modules/.pnpm/tapable@2.3.3/node_modules/tapable/lib/HookCodeFactory.js:31:10)
    at <unknown> (/Users/mac/Documents/DevWork/widpai-dashboard/node_modules/.pnpm/enhanced-resolve@5.21.4/node_modules/enhanced-resolve/lib/Resolver.js:1111:5)
    at eval (node_modules/.pnpm/next@15.0.3_react-dom@19.0.0-rc-66855b96-20241106_react@19.0.0-rc-66855b96-20241106__react@19.0.0-rc-66855b96-20241106/node_modules/next/dist/compiled/webpack/bundle5.js:13:9218)
    at <unknown> (/Users/mac/Documents/DevWork/widpai-dashboard/node_modules/.pnpm/enhanced-resolve@5.21.4/node_modules/enhanced-resolve/lib/DescriptionFilePlugin.js:94:43)
    at <unknown> (/Users/mac/Documents/DevWork/widpai-dashboard/node_modules/.pnpm/enhanced-resolve@5.21.4/node_modules/enhanced-resolve/lib/Resolver.js:1111:5)
    at eval (node_modules/.pnpm/tapable@2.3.3/node_modules/tapable/lib/HookCodeFactory.js:31:10)
    at <unknown> (/Users/mac/Documents/DevWork/widpai-dashboard/node_modules/.pnpm/enhanced-resolve@5.21.4/node_modules/enhanced-resolve/lib/Resolver.js:1111:5) {
  details: "resolve 'tailwindcss' in '/Users/mac/Documents/DevWork/widpai-dashboard/app'\n" +
    '  Parsed request is a module\n' +
    '  using description file: /Users/mac/Documents/DevWork/widpai-dashboard/package.json (relative path: ./app)\n' +
    '    resolve as module\n' +
    "      /Users/mac/Documents/DevWork/widpai-dashboard/app/node_modules doesn't exist or is not a directory\n" +
    '      looking for modules in /Users/mac/Documents/DevWork/widpai-dashboard/node_modules\n' +
    '        single file module\n' +
    '          using description file: /Users/mac/Documents/DevWork/widpai-dashboard/package.json (relative path: ./node_modules/tailwindcss)\n' +
    '            no extension\n' +
    '              /Users/mac/Documents/DevWork/widpai-dashboard/node_modules/tailwindcss is not a file\n' +
    '            .css\n' +
    "              /Users/mac/Documents/DevWork/widpai-dashboard/node_modules/tailwindcss.css doesn't exist\n" +
    '        existing directory /Users/mac/Documents/DevWork/widpai-dashboard/node_modules/tailwindcss\n' +
    '          using description file: /Users/mac/Documents/DevWork/widpai-dashboard/node_modules/tailwindcss/package.json (relative path: .)\n' +
    '            using description file: /Users/mac/Documents/DevWork/widpai-dashboard/package.json (relative path: ./node_modules/tailwindcss)\n' +
    '              no extension\n' +
    '                /Users/mac/Documents/DevWork/widpai-dashboard/node_modules/tailwindcss is not a file\n' +
    '              .css\n' +
    "                /Users/mac/Documents/DevWork/widpai-dashboard/node_modules/tailwindcss.css doesn't exist\n" +
    '              as directory\n' +
    '                existing directory /Users/mac/Documents/DevWork/widpai-dashboard/node_modules/tailwindcss\n' +
    '                  using description file: /Users/mac/Documents/DevWork/widpai-dashboard/node_modules/tailwindcss/package.json (relative path: .)\n' +
    '                    using path: /Users/mac/Documents/DevWork/widpai-dashboard/node_modules/tailwindcss/index\n' +
    '                      using description file: /Users/mac/Documents/DevWork/widpai-dashboard/node_modules/tailwindcss/package.json (relative path: ./index)\n' +
    '                        no extension\n' +
    "                          /Users/mac/Documents/DevWork/widpai-dashboard/node_modules/tailwindcss/index doesn't exist\n" +
    '                        .css\n' +
    "                          /Users/mac/Documents/DevWork/widpai-dashboard/node_modules/tailwindcss/index.css doesn't exist\n" +
    "      /Users/mac/Documents/DevWork/node_modules doesn't exist or is not a directory\n" +
    "      /Users/mac/Documents/node_modules doesn't exist or is not a directory\n" +
    "      /Users/mac/node_modules doesn't exist or is not a directory\n" +
    "      /Users/node_modules doesn't exist or is not a directory\n" +
    "      /node_modules doesn't exist or is not a directory\n" +
    '      looking for modules in /Users/mac/Documents/DevWork/widpai-dashboard/node_modules/.pnpm/next@15.0.3_react-dom@19.0.0-rc-66855b96-20241106_react@19.0.0-rc-66855b96-20241106__react@19.0.0-rc-66855b96-20241106/node_modules/next/dist/bin/node_modules\n' +
    '        single file module\n' +
    '          using description file: /Users/mac/Documents/DevWork/widpai-dashboard/node_modules/.pnpm/next@15.0.3_react-dom@19.0.0-rc-66855b96-20241106_react@19.0.0-rc-66855b96-20241106__react@19.0.0-rc-66855b96-20241106/node_modules/next/package.json (relative path: ./dist/bin/node_modules/tailwindcss)\n' +
    '            no extension\n' +
    "              /Users/mac/Documents/DevWork/widpai-dashboard/node_modules/.pnpm/next@15.0.3_react-dom@19.0.0-rc-66855b96-20241106_react@19.0.0-rc-66855b96-20241106__react@19.0.0-rc-66855b96-20241106/node_modules/next/dist/bin/node_modules/tailwindcss doesn't exist\n" +
    '            .css\n' +
    "              /Users/mac/Documents/DevWork/widpai-dashboard/node_modules/.pnpm/next@15.0.3_react-dom@19.0.0-rc-66855b96-20241106_react@19.0.0-rc-66855b96-20241106__react@19.0.0-rc-66855b96-20241106/node_modules/next/dist/bin/node_modules/tailwindcss.css doesn't exist\n" +
    "        /Users/mac/Documents/DevWork/widpai-dashboard/node_modules/.pnpm/next@15.0.3_react-dom@19.0.0-rc-66855b96-20241106_react@19.0.0-rc-66855b96-20241106__react@19.0.0-rc-66855b96-20241106/node_modules/next/dist/bin/node_modules/tailwindcss doesn't exist\n" +
    '      looking for modules in /Users/mac/Documents/DevWork/widpai-dashboard/node_modules/.pnpm/next@15.0.3_react-dom@19.0.0-rc-66855b96-20241106_react@19.0.0-rc-66855b96-20241106__react@19.0.0-rc-66855b96-20241106/node_modules/next/dist/node_modules\n' +
    '        single file module\n' +
    '          using description file: /Users/mac/Documents/DevWork/widpai-dashboard/node_modules/.pnpm/next@15.0.3_react-dom@19.0.0-rc-66855b96-20241106_react@19.0.0-rc-66855b96-20241106__react@19.0.0-rc-66855b96-20241106/node_modules/next/package.json (relative path: ./dist/node_modules/tailwindcss)\n' +
    '            no extension\n' +
    "              /Users/mac/Documents/DevWork/widpai-dashboard/node_modules/.pnpm/next@15.0.3_react-dom@19.0.0-rc-66855b96-20241106_react@19.0.0-rc-66855b96-20241106__react@19.0.0-rc-66855b96-20241106/node_modules/next/dist/node_modules/tailwindcss doesn't exist\n" +
    '            .css\n' +
    "              /Users/mac/Documents/DevWork/widpai-dashboard/node_modules/.pnpm/next@15.0.3_react-dom@19.0.0-rc-66855b96-20241106_react@19.0.0-rc-66855b96-20241106__react@19.0.0-rc-66855b96-20241106/node_modules/next/dist/node_modules/tailwindcss.css doesn't exist\n" +
    "        /Users/mac/Documents/DevWork/widpai-dashboard/node_modules/.pnpm/next@15.0.3_react-dom@19.0.0-rc-66855b96-20241106_react@19.0.0-rc-66855b96-20241106__react@19.0.0-rc-66855b96-20241106/node_modules/next/dist/node_modules/tailwindcss doesn't exist\n" +
    '      looking for modules in /Users/mac/Documents/DevWork/widpai-dashboard/node_modules/.pnpm/next@15.0.3_react-dom@19.0.0-rc-66855b96-20241106_react@19.0.0-rc-66855b96-20241106__react@19.0.0-rc-66855b96-20241106/node_modules/next/node_modules\n' +
    '        single file module\n' +
    '          using description file: /Users/mac/Documents/DevWork/widpai-dashboard/node_modules/.pnpm/next@15.0.3_react-dom@19.0.0-rc-66855b96-20241106_react@19.0.0-rc-66855b96-20241106__react@19.0.0-rc-66855b96-20241106/node_modules/next/package.json (relative path: ./node_modules/tailwindcss)\n' +
    '            no extension\n' +
    "              /Users/mac/Documents/DevWork/widpai-dashboard/node_modules/.pnpm/next@15.0.3_react-dom@19.0.0-rc-66855b96-20241106_react@19.0.0-rc-66855b96-20241106__react@19.0.0-rc-66855b96-20241106/node_modules/next/node_modules/tailwindcss doesn't exist\n" +
    '            .css\n' +
    "              /Users/mac/Documents/DevWork/widpai-dashboard/node_modules/.pnpm/next@15.0.3_react-dom@19.0.0-rc-66855b96-20241106_react@19.0.0-rc-66855b96-20241106__react@19.0.0-rc-66855b96-20241106/node_modules/next/node_modules/tailwindcss.css doesn't exist\n" +
    "        /Users/mac/Documents/DevWork/widpai-dashboard/node_modules/.pnpm/next@15.0.3_react-dom@19.0.0-rc-66855b96-20241106_react@19.0.0-rc-66855b96-20241106__react@19.0.0-rc-66855b96-20241106/node_modules/next/node_modules/tailwindcss doesn't exist\n" +
    '      looking for modules in /Users/mac/Documents/DevWork/widpai-dashboard/node_modules/.pnpm/next@15.0.3_react-dom@19.0.0-rc-66855b96-20241106_react@19.0.0-rc-66855b96-20241106__react@19.0.0-rc-66855b96-20241106/node_modules\n' +
    '        single file module\n' +
    '          using description file: /Users/mac/Documents/DevWork/widpai-dashboard/package.json (relative path: ./node_modules/.pnpm/next@15.0.3_react-dom@19.0.0-rc-66855b96-20241106_react@19.0.0-rc-66855b96-20241106__react@19.0.0-rc-66855b96-20241106/node_modules/tailwindcss)\n' +
    '            no extension\n' +
    "              /Users/mac/Documents/DevWork/widpai-dashboard/node_modules/.pnpm/next@15.0.3_react-dom@19.0.0-rc-66855b96-20241106_react@19.0.0-rc-66855b96-20241106__react@19.0.0-rc-66855b96-20241106/node_modules/tailwindcss doesn't exist\n" +
    '            .css\n' +
    "              /Users/mac/Documents/DevWork/widpai-dashboard/node_modules/.pnpm/next@15.0.3_react-dom@19.0.0-rc-66855b96-20241106_react@19.0.0-rc-66855b96-20241106__react@19.0.0-rc-66855b96-20241106/node_modules/tailwindcss.css doesn't exist\n" +
    "        /Users/mac/Documents/DevWork/widpai-dashboard/node_modules/.pnpm/next@15.0.3_react-dom@19.0.0-rc-66855b96-20241106_react@19.0.0-rc-66855b96-20241106__react@19.0.0-rc-66855b96-20241106/node_modules/tailwindcss doesn't exist\n" +
    '      looking for modules in /Users/mac/Documents/DevWork/widpai-dashboard/node_modules/.pnpm/node_modules\n' +
    '        single file module\n' +
    '          using description file: /Users/mac/Documents/DevWork/widpai-dashboard/package.json (relative path: ./node_modules/.pnpm/node_modules/tailwindcss)\n' +
    '            no extension\n' +
    "              /Users/mac/Documents/DevWork/widpai-dashboard/node_modules/.pnpm/node_modules/tailwindcss doesn't exist\n" +
    '            .css\n' +
    "              /Users/mac/Documents/DevWork/widpai-dashboard/node_modules/.pnpm/node_modules/tailwindcss.css doesn't exist\n" +
    "        /Users/mac/Documents/DevWork/widpai-dashboard/node_modules/.pnpm/node_modules/tailwindcss doesn't exist"
}
<w> [webpack.cache.PackFileCacheStrategy] Skipped not serializable cache item 'Compilation/modules|/Users/mac/Documents/DevWork/widpai-dashboard/node_modules/.pnpm/next@15.0.3_react-dom@19.0.0-rc-66855b96-20241106_react@19.0.0-rc-66855b96-20241106__react@19.0.0-rc-66855b96-20241106/node_modules/next/dist/build/webpack/loaders/css-loader/src/index.js??ruleSet[1].rules[13].oneOf[10].use[2]!/Users/mac/Documents/DevWork/widpai-dashboard/node_modules/.pnpm/next@15.0.3_react-dom@19.0.0-rc-66855b96-20241106_react@19.0.0-rc-66855b96-20241106__react@19.0.0-rc-66855b96-20241106/node_modules/next/dist/build/webpack/loaders/postcss-loader/src/index.js??ruleSet[1].rules[13].oneOf[10].use[3]!/Users/mac/Documents/DevWork/widpai-dashboard/app/globals.css': No serializer registered for PostCSSSyntaxError
<w> while serializing webpack/lib/cache/PackFileCacheStrategy.PackContentItems -> webpack/lib/NormalModule -> webpack/lib/ModuleBuildError -> PostCSSSyntaxError
Failed to compile.

./app/globals.css:1:1
Syntax error: tailwindcss: /Users/mac/Documents/DevWork/widpai-dashboard/app/globals.css Can't resolve 'tailwindcss' in '/Users/mac/Documents/DevWork/widpai-dashboard/app'

> 1 | @import "tailwindcss";
    | ^
  2 | 
  3 | @theme {

./app/globals.css
Syntax error: tailwindcss: /Users/mac/Documents/DevWork/widpai-dashboard/app/globals.css Cannot apply unknown utility class `border-border`. Are you using CSS modules or similar and missing `@reference`? https://tailwindcss.com/docs/functions-and-directives#reference-directive (1:1)

> 1 | @tailwind base;
    | ^
  2 | @tailwind components;
  3 | @tailwind utilities;

    at tryRunOrWebpackError (/Users/mac/Documents/DevWork/widpai-dashboard/node_modules/.pnpm/next@15.0.3_react-dom@19.0.0-rc-66855b96-20241106_react@19.0.0-rc-66855b96-20241106__react@19.0.0-rc-66855b96-20241106/node_modules/next/dist/compiled/webpack/bundle5.js:28:314951)
    at __webpack_require_module__ (/Users/mac/Documents/DevWork/widpai-dashboard/node_modules/.pnpm/next@15.0.3_react-dom@19.0.0-rc-66855b96-20241106_react@19.0.0-rc-66855b96-20241106__react@19.0.0-rc-66855b96-20241106/node_modules/next/dist/compiled/webpack/bundle5.js:28:131425)
    at __nested_webpack_require_161179__ (/Users/mac/Documents/DevWork/widpai-dashboard/node_modules/.pnpm/next@15.0.3_react-dom@19.0.0-rc-66855b96-20241106_react@19.0.0-rc-66855b96-20241106__react@19.0.0-rc-66855b96-20241106/node_modules/next/dist/compiled/webpack/bundle5.js:28:130863)
    at /Users/mac/Documents/DevWork/widpai-dashboard/node_modules/.pnpm/next@15.0.3_react-dom@19.0.0-rc-66855b96-20241106_react@19.0.0-rc-66855b96-20241106__react@19.0.0-rc-66855b96-20241106/node_modules/next/dist/compiled/webpack/bundle5.js:28:131714
    at symbolIterator (/Users/mac/Documents/DevWork/widpai-dashboard/node_modules/.pnpm/next@15.0.3_react-dom@19.0.0-rc-66855b96-20241106_react@19.0.0-rc-66855b96-20241106__react@19.0.0-rc-66855b96-20241106/node_modules/next/dist/compiled/neo-async/async.js:1:14444)
    at done (/Users/mac/Documents/DevWork/widpai-dashboard/node_modules/.pnpm/next@15.0.3_react-dom@19.0.0-rc-66855b96-20241106_react@19.0.0-rc-66855b96-20241106__react@19.0.0-rc-66855b96-20241106/node_modules/next/dist/compiled/neo-async/async.js:1:14824)
    at Hook.eval [as callAsync] (eval at create (/Users/mac/Documents/DevWork/widpai-dashboard/node_modules/.pnpm/next@15.0.3_react-dom@19.0.0-rc-66855b96-20241106_react@19.0.0-rc-66855b96-20241106__react@19.0.0-rc-66855b96-20241106/node_modules/next/dist/compiled/webpack/bundle5.js:13:9218), <anonymous>:15:1)
    at Hook.CALL_ASYNC_DELEGATE [as _callAsync] (/Users/mac/Documents/DevWork/widpai-dashboard/node_modules/.pnpm/next@15.0.3_react-dom@19.0.0-rc-66855b96-20241106_react@19.0.0-rc-66855b96-20241106__react@19.0.0-rc-66855b96-20241106/node_modules/next/dist/compiled/webpack/bundle5.js:13:6372)
    at /Users/mac/Documents/DevWork/widpai-dashboard/node_modules/.pnpm/next@15.0.3_react-dom@19.0.0-rc-66855b96-20241106_react@19.0.0-rc-66855b96-20241106__react@19.0.0-rc-66855b96-20241106/node_modules/next/dist/compiled/webpack/bundle5.js:28:130584
    at symbolIterator (/Users/mac/Documents/DevWork/widpai-dashboard/node_modules/.pnpm/next@15.0.3_react-dom@19.0.0-rc-66855b96-20241106_react@19.0.0-rc-66855b96-20241106__react@19.0.0-rc-66855b96-20241106/node_modules/next/dist/compiled/neo-async/async.js:1:14402)
-- inner error --
Syntax error: tailwindcss: /Users/mac/Documents/DevWork/widpai-dashboard/app/globals.css Cannot apply unknown utility class `border-border`. Are you using CSS modules or similar and missing `@reference`? https://tailwindcss.com/docs/functions-and-directives#reference-directive (1:1)

> 1 | @tailwind base;
    | ^
  2 | @tailwind components;
  3 | @tailwind utilities;

    at Object.<anonymous> (/Users/mac/Documents/DevWork/widpai-dashboard/node_modules/.pnpm/next@15.0.3_react-dom@19.0.0-rc-66855b96-20241106_react@19.0.0-rc-66855b96-20241106__react@19.0.0-rc-66855b96-20241106/node_modules/next/dist/build/webpack/loaders/css-loader/src/index.js??ruleSet[1].rules[13].oneOf[10].use[2]!/Users/mac/Documents/DevWork/widpai-dashboard/node_modules/.pnpm/next@15.0.3_react-dom@19.0.0-rc-66855b96-20241106_react@19.0.0-rc-66855b96-20241106__react@19.0.0-rc-66855b96-20241106/node_modules/next/dist/build/webpack/loaders/postcss-loader/src/index.js??ruleSet[1].rules[13].oneOf[10].use[3]!/Users/mac/Documents/DevWork/widpai-dashboard/app/globals.css:1:7)
    at /Users/mac/Documents/DevWork/widpai-dashboard/node_modules/.pnpm/next@15.0.3_react-dom@19.0.0-rc-66855b96-20241106_react@19.0.0-rc-66855b96-20241106__react@19.0.0-rc-66855b96-20241106/node_modules/next/dist/compiled/webpack/bundle5.js:28:955544
    at Hook.eval [as call] (eval at create (/Users/mac/Documents/DevWork/widpai-dashboard/node_modules/.pnpm/next@15.0.3_react-dom@19.0.0-rc-66855b96-20241106_react@19.0.0-rc-66855b96-20241106__react@19.0.0-rc-66855b96-20241106/node_modules/next/dist/compiled/webpack/bundle5.js:13:8996), <anonymous>:7:1)
    at Hook.CALL_DELEGATE [as _call] (/Users/mac/Documents/DevWork/widpai-dashboard/node_modules/.pnpm/next@15.0.3_react-dom@19.0.0-rc-66855b96-20241106_react@19.0.0-rc-66855b96-20241106__react@19.0.0-rc-66855b96-20241106/node_modules/next/dist/compiled/webpack/bundle5.js:13:6266)
    at /Users/mac/Documents/DevWork/widpai-dashboard/node_modules/.pnpm/next@15.0.3_react-dom@19.0.0-rc-66855b96-20241106_react@19.0.0-rc-66855b96-20241106__react@19.0.0-rc-66855b96-20241106/node_modules/next/dist/compiled/webpack/bundle5.js:28:131458
    at tryRunOrWebpackError (/Users/mac/Documents/DevWork/widpai-dashboard/node_modules/.pnpm/next@15.0.3_react-dom@19.0.0-rc-66855b96-20241106_react@19.0.0-rc-66855b96-20241106__react@19.0.0-rc-66855b96-20241106/node_modules/next/dist/compiled/webpack/bundle5.js:28:314905)
    at __webpack_require_module__ (/Users/mac/Documents/DevWork/widpai-dashboard/node_modules/.pnpm/next@15.0.3_react-dom@19.0.0-rc-66855b96-20241106_react@19.0.0-rc-66855b96-20241106__react@19.0.0-rc-66855b96-20241106/node_modules/next/dist/compiled/webpack/bundle5.js:28:131425)
    at __nested_webpack_require_161179__ (/Users/mac/Documents/DevWork/widpai-dashboard/node_modules/.pnpm/next@15.0.3_react-dom@19.0.0-rc-66855b96-20241106_react@19.0.0-rc-66855b96-20241106__react@19.0.0-rc-66855b96-20241106/node_modules/next/dist/compiled/webpack/bundle5.js:28:130863)
    at /Users/mac/Documents/DevWork/widpai-dashboard/node_modules/.pnpm/next@15.0.3_react-dom@19.0.0-rc-66855b96-20241106_react@19.0.0-rc-66855b96-20241106__react@19.0.0-rc-66855b96-20241106/node_modules/next/dist/compiled/webpack/bundle5.js:28:131714
    at symbolIterator (/Users/mac/Documents/DevWork/widpai-dashboard/node_modules/.pnpm/next@15.0.3_react-dom@19.0.0-rc-66855b96-20241106_react@19.0.0-rc-66855b96-20241106__react@19.0.0-rc-66855b96-20241106/node_modules/next/dist/compiled/neo-async/async.js:1:14444)

Generated code for /Users/mac/Documents/DevWork/widpai-dashboard/node_modules/.pnpm/next@15.0.3_react-dom@19.0.0-rc-66855b96-20241106_react@19.0.0-rc-66855b96-20241106__react@19.0.0-rc-66855b96-20241106/node_modules/next/dist/build/webpack/loaders/css-loader/src/index.js??ruleSet[1].rules[13].oneOf[10].use[2]!/Users/mac/Documents/DevWork/widpai-dashboard/node_modules/.pnpm/next@15.0.3_react-dom@19.0.0-rc-66855b96-20241106_react@19.0.0-rc-66855b96-20241106__react@19.0.0-rc-66855b96-20241106/node_modules/next/dist/build/webpack/loaders/postcss-loader/src/index.js??ruleSet[1].rules[13].oneOf[10].use[3]!/Users/mac/Documents/DevWork/widpai-dashboard/app/globals.css

Import trace for requested module:
./app/globals.css


> Build failed because of webpack errors
 ELIFECYCLE  Command failed with exit code 1.
